[    0.000000] Linux version 4.10.0-26-generic (buildd@lcy01-09) (gcc version 6.3.0 20170406 (Ubuntu 6.3.0-12ubuntu2) ) #30-Ubuntu SMP Tue Jun 27 09:30:12 UTC 2017 (Ubuntu 4.10.0-26.30-generic 4.10.17)
[    0.000000] Command line: BOOT_IMAGE=/boot/vmlinuz-4.10.0-26-generic root=LABEL=cloudimg-rootfs ro console=tty1 console=ttyS0
[    0.000000] KERNEL supported cpus:
[    0.000000]   Intel GenuineIntel
[    0.000000]   AMD AuthenticAMD
[    0.000000]   Centaur CentaurHauls
[    0.000000] x86/fpu: Supporting XSAVE feature 0x001: 'x87 floating point registers'
[    0.000000] x86/fpu: Supporting XSAVE feature 0x002: 'SSE registers'
[    0.000000] x86/fpu: Supporting XSAVE feature 0x004: 'AVX registers'
[    0.000000] x86/fpu: xstate_offset[2]:  576, xstate_sizes[2]:  256
[    0.000000] x86/fpu: Enabled xstate features 0x7, context size is 832 bytes, using 'standard' format.
[    0.000000] e820: BIOS-provided physical RAM map:
[    0.000000] BIOS-e820: [mem 0x0000000000000000-0x000000000009fbff] usable
[    0.000000] BIOS-e820: [mem 0x000000000009fc00-0x000000000009ffff] reserved
[    0.000000] BIOS-e820: [mem 0x00000000000f0000-0x00000000000fffff] reserved
[    0.000000] BIOS-e820: [mem 0x0000000000100000-0x000000007ffeffff] usable
[    0.000000] BIOS-e820: [mem 0x000000007fff0000-0x000000007fffffff] ACPI data
[    0.000000] BIOS-e820: [mem 0x00000000fec00000-0x00000000fec00fff] reserved
[    0.000000] BIOS-e820: [mem 0x00000000fee00000-0x00000000fee00fff] reserved
[    0.000000] BIOS-e820: [mem 0x00000000fffc0000-0x00000000ffffffff] reserved
[    0.000000] NX (Execute Disable) protection: active
[    0.000000] SMBIOS 2.5 present.
[    0.000000] DMI: innotek GmbH VirtualBox/VirtualBox, BIOS VirtualBox 12/01/2006
[    0.000000] Hypervisor detected: KVM
[    0.000000] e820: last_pfn = 0x7fff0 max_arch_pfn = 0x400000000
[    0.000000] MTRR: Disabled
[    0.000000] x86/PAT: MTRRs disabled, skipping PAT initialization too.
[    0.000000] x86/PAT: Configuration [0-7]: WB  WT  UC- UC  WB  WT  UC- UC  
[    0.000000] CPU MTRRs all blank - virtualized system.
[    0.000000] found SMP MP-table at [mem 0x0009fff0-0x0009ffff] mapped at [ffff8d8bc009fff0]
[    0.000000] Scanning 1 areas for low memory corruption
[    0.000000] RAMDISK: [mem 0x36969000-0x374abfff]
[    0.000000] ACPI: Early table checksum verification disabled
[    0.000000] ACPI: RSDP 0x00000000000E0000 000024 (v02 VBOX  )
[    0.000000] ACPI: XSDT 0x000000007FFF0030 00003C (v01 VBOX   VBOXXSDT 00000001 ASL  00000061)
[    0.000000] ACPI: FACP 0x000000007FFF00F0 0000F4 (v04 VBOX   VBOXFACP 00000001 ASL  00000061)
[    0.000000] ACPI: DSDT 0x000000007FFF0470 0021C8 (v02 VBOX   VBOXBIOS 00000002 INTL 20100528)
[    0.000000] ACPI: FACS 0x000000007FFF0200 000040
[    0.000000] ACPI: FACS 0x000000007FFF0200 000040
[    0.000000] ACPI: APIC 0x000000007FFF0240 00005C (v02 VBOX   VBOXAPIC 00000001 ASL  00000061)
[    0.000000] ACPI: SSDT 0x000000007FFF02A0 0001CC (v01 VBOX   VBOXCPUT 00000002 INTL 20100528)
[    0.000000] No NUMA configuration found
[    0.000000] Faking a node at [mem 0x0000000000000000-0x000000007ffeffff]
[    0.000000] NODE_DATA(0) allocated [mem 0x7ffc5000-0x7ffeffff]
[    0.000000] kvm-clock: Using msrs 4b564d01 and 4b564d00
[    0.000000] kvm-clock: cpu 0, msr 0:7ff45001, primary cpu clock
[    0.000000] kvm-clock: using sched offset of 4222770633 cycles
[    0.000000] clocksource: kvm-clock: mask: 0xffffffffffffffff max_cycles: 0x1cd42e4dffb, max_idle_ns: 881590591483 ns
[    0.000000] Zone ranges:
[    0.000000]   DMA      [mem 0x0000000000001000-0x0000000000ffffff]
[    0.000000]   DMA32    [mem 0x0000000001000000-0x000000007ffeffff]
[    0.000000]   Normal   empty
[    0.000000]   Device   empty
[    0.000000] Movable zone start for each node
[    0.000000] Early memory node ranges
[    0.000000]   node   0: [mem 0x0000000000001000-0x000000000009efff]
[    0.000000]   node   0: [mem 0x0000000000100000-0x000000007ffeffff]
[    0.000000] Initmem setup node 0 [mem 0x0000000000001000-0x000000007ffeffff]
[    0.000000] ACPI: PM-Timer IO Port: 0x4008
[    0.000000] IOAPIC[0]: apic_id 2, version 32, address 0xfec00000, GSI 0-23
[    0.000000] ACPI: INT_SRC_OVR (bus 0 bus_irq 0 global_irq 2 dfl dfl)
[    0.000000] ACPI: INT_SRC_OVR (bus 0 bus_irq 9 global_irq 9 high level)
[    0.000000] Using ACPI (MADT) for SMP configuration information
[    0.000000] smpboot: Allowing 2 CPUs, 0 hotplug CPUs
[    0.000000] PM: Registered nosave memory: [mem 0x00000000-0x00000fff]
[    0.000000] PM: Registered nosave memory: [mem 0x0009f000-0x0009ffff]
[    0.000000] PM: Registered nosave memory: [mem 0x000a0000-0x000effff]
[    0.000000] PM: Registered nosave memory: [mem 0x000f0000-0x000fffff]
[    0.000000] e820: [mem 0x80000000-0xfebfffff] available for PCI devices
[    0.000000] Booting paravirtualized kernel on KVM
[    0.000000] clocksource: refined-jiffies: mask: 0xffffffff max_cycles: 0xffffffff, max_idle_ns: 7645519600211568 ns
[    0.000000] setup_percpu: NR_CPUS:8192 nr_cpumask_bits:2 nr_cpu_ids:2 nr_node_ids:1
[    0.000000] percpu: Embedded 36 pages/cpu @ffff8d8c3fc00000 s107992 r8192 d31272 u1048576
[    0.000000] PV qspinlock hash table entries: 256 (order: 0, 4096 bytes)
[    0.000000] Built 1 zonelists in Node order, mobility grouping on.  Total pages: 515961
[    0.000000] Policy zone: DMA32
[    0.000000] Kernel command line: BOOT_IMAGE=/boot/vmlinuz-4.10.0-26-generic root=LABEL=cloudimg-rootfs ro console=tty1 console=ttyS0
[    0.000000] PID hash table entries: 4096 (order: 3, 32768 bytes)
[    0.000000] Memory: 2030584K/2096696K available (9083K kernel code, 1666K rwdata, 3816K rodata, 2232K init, 2364K bss, 66112K reserved, 0K cma-reserved)
[    0.000000] SLUB: HWalign=64, Order=0-3, MinObjects=0, CPUs=2, Nodes=1
[    0.000000] Hierarchical RCU implementation.
[    0.000000] 	Build-time adjustment of leaf fanout to 64.
[    0.000000] 	RCU restricting CPUs from NR_CPUS=8192 to nr_cpu_ids=2.
[    0.000000] RCU: Adjusting geometry for rcu_fanout_leaf=64, nr_cpu_ids=2
[    0.000000] NR_IRQS:524544 nr_irqs:440 16
[    0.000000] Console: colour VGA+ 80x25
[    0.000000] console [tty1] enabled
[    0.000000] console [ttyS0] enabled
[    0.000000] tsc: Detected 1795.923 MHz processor
[    0.944915] Calibrating delay loop (skipped) preset value.. 3591.84 BogoMIPS (lpj=7183692)
[    0.947948] pid_max: default: 32768 minimum: 301
[    0.955700] ACPI: Core revision 20160930
[    0.964350] ACPI: 2 ACPI AML tables successfully acquired and loaded
[    0.965861] Security Framework initialized
[    0.966891] Yama: becoming mindful.
[    0.967849] AppArmor: AppArmor initialized
[    0.969481] Dentry cache hash table entries: 262144 (order: 9, 2097152 bytes)
[    0.973515] Inode-cache hash table entries: 131072 (order: 8, 1048576 bytes)
[    0.975271] Mount-cache hash table entries: 4096 (order: 3, 32768 bytes)
[    0.976839] Mountpoint-cache hash table entries: 4096 (order: 3, 32768 bytes)
[    0.978631] CPU: Physical Processor ID: 0
[    0.979638] CPU: Processor Core ID: 0
[    0.980632] mce: CPU supports 0 MCE banks
[    0.981653] Last level iTLB entries: 4KB 512, 2MB 8, 4MB 8
[    0.982897] Last level dTLB entries: 4KB 512, 2MB 32, 4MB 32, 1GB 0
[    0.984440] Freeing SMP alternatives memory: 32K
[    0.986788] ftrace: allocating 34179 entries in 134 pages
[    1.003822] smpboot: Max logical packages: 1
[    1.010040] x2apic enabled
[    1.011162] Switched APIC routing to physical x2apic.
[    1.013843] ..TIMER: vector=0x30 apic1=0 pin1=2 apic2=-1 pin2=-1
[    1.147562] smpboot: CPU0: Intel(R) Core(TM) i5-3337U CPU @ 1.80GHz (family: 0x6, model: 0x3a, stepping: 0x9)
[    1.156612] Performance Events: unsupported p6 CPU model 58 no PMU driver, software events only.
[    1.180132] KVM setup paravirtual spinlock
[    1.182773] smp: Bringing up secondary CPUs ...
[    1.184539] x86: Booting SMP configuration:
[    1.186176] .... node  #0, CPUs:      #1
[    1.186426] kvm-clock: cpu 1, msr 0:7ff45041, secondary cpu clock
[    1.209814] mce: CPU supports 0 MCE banks
[    1.212678] smp: Brought up 1 node, 2 CPUs
[    1.223936] smpboot: Total of 2 processors activated (7183.69 BogoMIPS)
[    1.228175] devtmpfs: initialized
[    1.229674] x86/mm: Memory block size: 128MB
[    1.233746] evm: security.selinux
[    1.239585] evm: security.SMACK64
[    1.244186] evm: security.SMACK64EXEC
[    1.245398] evm: security.SMACK64TRANSMUTE
[    1.246651] evm: security.SMACK64MMAP
[    1.247817] evm: security.ima
[    1.248859] evm: security.capability
[    1.250256] clocksource: jiffies: mask: 0xffffffff max_cycles: 0xffffffff, max_idle_ns: 7645041785100000 ns
[    1.260314] futex hash table entries: 512 (order: 3, 32768 bytes)
[    1.262426] pinctrl core: initialized pinctrl subsystem
[    1.264435] RTC time:  5:49:53, date: 07/20/17
[    1.266271] NET: Registered protocol family 16
[    1.280406] cpuidle: using governor ladder
[    1.300012] cpuidle: using governor menu
[    1.302826] PCCT header not found.
[    1.303796] ACPI: bus type PCI registered
[    1.304846] acpiphp: ACPI Hot Plug PCI Controller Driver version: 0.5
[    1.306356] PCI: Using configuration type 1 for base access
[    1.320827] HugeTLB registered 2 MB page size, pre-allocated 0 pages
[    1.329775] ACPI: Added _OSI(Module Device)
[    1.366872] ACPI: Added _OSI(Processor Device)
[    1.428789] ACPI: Added _OSI(3.0 _SCP Extensions)
[    1.480307] ACPI: Added _OSI(Processor Aggregator Device)
[    1.541765] ACPI: Executed 1 blocks of module-level executable AML code
[    1.545767] ACPI: Interpreter enabled
[    1.560134] ACPI: (supports S0 S5)
[    1.561311] ACPI: Using IOAPIC for interrupt routing
[    1.563109] PCI: Using host bridge windows from ACPI; if necessary, use "pci=nocrs" and report a bug
[    1.572759] ACPI: PCI Root Bridge [PCI0] (domain 0000 [bus 00-ff])
[    1.576707] acpi PNP0A03:00: _OSC: OS supports [ASPM ClockPM Segments MSI]
[    1.578618] acpi PNP0A03:00: _OSC failed (AE_NOT_FOUND); disabling ASPM
[    1.580462] acpi PNP0A03:00: fail to add MMCONFIG information, can't access extended PCI configuration space under this bridge.
[    1.584112] PCI host bridge to bus 0000:00
[    1.592464] pci_bus 0000:00: root bus resource [io  0x0000-0x0cf7 window]
[    1.594670] pci_bus 0000:00: root bus resource [io  0x0d00-0xffff window]
[    1.596826] pci_bus 0000:00: root bus resource [mem 0x000a0000-0x000bffff window]
[    1.599664] pci_bus 0000:00: root bus resource [mem 0x80000000-0xffdfffff window]
[    1.606658] pci_bus 0000:00: root bus resource [bus 00-ff]
[    1.618532] pci 0000:00:01.1: legacy IDE quirk: reg 0x10: [io  0x01f0-0x01f7]
[    1.629623] pci 0000:00:01.1: legacy IDE quirk: reg 0x14: [io  0x03f6]
[    1.631765] pci 0000:00:01.1: legacy IDE quirk: reg 0x18: [io  0x0170-0x0177]
[    1.634169] pci 0000:00:01.1: legacy IDE quirk: reg 0x1c: [io  0x0376]
[    1.669740] pci 0000:00:07.0: quirk: [io  0x4000-0x403f] claimed by PIIX4 ACPI
[    1.679066] pci 0000:00:07.0: quirk: [io  0x4100-0x410f] claimed by PIIX4 SMB
[    1.691887] ACPI: PCI Interrupt Link [LNKA] (IRQs 5 9 10 *11)
[    1.695472] ACPI: PCI Interrupt Link [LNKB] (IRQs 5 9 10 *11)
[    1.698500] ACPI: PCI Interrupt Link [LNKC] (IRQs 5 9 *10 11)
[    1.700275] ACPI: PCI Interrupt Link [LNKD] (IRQs 5 *9 10 11)
[    1.703811] ACPI: Enabled 2 GPEs in block 00 to 07
[    1.705854] SCSI subsystem initialized
[    1.715762] pci 0000:00:02.0: vgaarb: setting as boot VGA device
[    1.718648] pci 0000:00:02.0: vgaarb: VGA device added: decodes=io+mem,owns=io+mem,locks=none
[    1.720686] pci 0000:00:02.0: vgaarb: bridge control possible
[    1.722106] vgaarb: loaded
[    1.723056] ACPI: bus type USB registered
[    1.735908] usbcore: registered new interface driver usbfs
[    1.737224] usbcore: registered new interface driver hub
[    1.738458] usbcore: registered new device driver usb
[    1.739872] PCI: Using ACPI for IRQ routing
[    1.741218] NetLabel: Initializing
[    1.742119] NetLabel:  domain hash size = 128
[    1.743164] NetLabel:  protocols = UNLABELED CIPSOv4 CALIPSO
[    1.744446] NetLabel:  unlabeled traffic allowed by default
[    1.745938] clocksource: Switched to clocksource kvm-clock
[    1.755967] VFS: Disk quotas dquot_6.6.0
[    1.770126] VFS: Dquot-cache hash table entries: 512 (order 0, 4096 bytes)
[    1.771716] AppArmor: AppArmor Filesystem Enabled
[    1.772886] pnp: PnP ACPI init
[    1.804255] pnp: PnP ACPI: found 3 devices
[    1.843944] clocksource: acpi_pm: mask: 0xffffff max_cycles: 0xffffff, max_idle_ns: 2085701024 ns
[    1.856024] NET: Registered protocol family 2
[    1.857307] TCP established hash table entries: 16384 (order: 5, 131072 bytes)
[    1.869204] TCP bind hash table entries: 16384 (order: 6, 262144 bytes)
[    1.892506] TCP: Hash tables configured (established 16384 bind 16384)
[    1.902430] UDP hash table entries: 1024 (order: 3, 32768 bytes)
[    1.903765] UDP-Lite hash table entries: 1024 (order: 3, 32768 bytes)
[    1.905242] NET: Registered protocol family 1
[    1.906340] pci 0000:00:00.0: Limiting direct PCI/PCI transfers
[    1.907700] pci 0000:00:01.0: Activating ISA DMA hang workarounds
[    1.909097] pci 0000:00:02.0: Video device with shadowed ROM at [mem 0x000c0000-0x000dffff]
[    1.911727] Unpacking initramfs...
[    4.329854] Freeing initrd memory: 11532K
[    4.348369] platform rtc_cmos: registered platform RTC device (no PNP device found)
[    4.357375] Scanning for low memory corruption every 60 seconds
[    4.360950] audit: initializing netlink subsys (disabled)
[    4.364040] audit: type=2000 audit(1500529801.120:1): initialized
[    4.364383] Initialise system trusted keyrings
[    4.364476] workingset: timestamp_bits=36 max_order=19 bucket_order=0
[    4.366661] zbud: loaded
[    4.367252] squashfs: version 4.0 (2009/01/31) Phillip Lougher
[    4.367462] fuse init (API version 7.26)
[    4.368315] Key type asymmetric registered
[    4.368316] Asymmetric key parser 'x509' registered
[    4.368351] Block layer SCSI generic (bsg) driver version 0.4 loaded (major 248)
[    4.368369] io scheduler noop registered
[    4.368370] io scheduler deadline registered
[    4.368379] io scheduler cfq registered (default)
[    4.411021] ACPI: AC Adapter [AC] (on-line)
[    4.414077] input: Power Button as /devices/LNXSYSTM:00/LNXPWRBN:00/input/input0
[    4.416889] ACPI: Power Button [PWRF]
[    4.418504] input: Sleep Button as /devices/LNXSYSTM:00/LNXSLPBN:00/input/input1
[    4.421095] ACPI: Sleep Button [SLPF]
[    4.423974] ACPI: Battery Slot [BAT0] (battery present)
[    4.427333] GHES: HEST is not enabled!
[    4.430728] Serial: 8250/16550 driver, 32 ports, IRQ sharing enabled
[    4.457500] 00:02: ttyS0 at I/O 0x3f8 (irq = 4, base_baud = 115200) is a 16550A
[    4.465593] Linux agpgart interface v0.103
[    4.470909] loop: module loaded
[    4.475529] scsi host0: ata_piix
[    4.477088] scsi host1: ata_piix
[    4.478226] ata1: PATA max UDMA/33 cmd 0x1f0 ctl 0x3f6 bmdma 0xd000 irq 14
[    4.480183] ata2: PATA max UDMA/33 cmd 0x170 ctl 0x376 bmdma 0xd008 irq 15
[    4.482862] libphy: Fixed MDIO Bus: probed
[    4.484159] tun: Universal TUN/TAP device driver, 1.6
[    4.485658] tun: (C) 1999-2004 Max Krasnyansky <maxk@qualcomm.com>
[    4.487557] PPP generic driver version 2.4.2
[    4.489221] ehci_hcd: USB 2.0 'Enhanced' Host Controller (EHCI) Driver
[    4.491476] ehci-pci: EHCI PCI platform driver
[    4.494250] ehci-platform: EHCI generic platform driver
[    4.496411] ohci_hcd: USB 1.1 'Open' Host Controller (OHCI) Driver
[    4.498508] ohci-pci: OHCI PCI platform driver
[    4.500200] ohci-platform: OHCI generic platform driver
[    4.502018] uhci_hcd: USB Universal Host Controller Interface driver
[    4.503689] i8042: PNP: PS/2 Controller [PNP0303:PS2K,PNP0f03:PS2M] at 0x60,0x64 irq 1,12
[    4.506203] serio: i8042 KBD port at 0x60,0x64 irq 1
[    4.507635] serio: i8042 AUX port at 0x60,0x64 irq 12
[    4.508930] mousedev: PS/2 mouse device common for all mice
[    4.510859] input: AT Translated Set 2 keyboard as /devices/platform/i8042/serio0/input/input2
[    4.512975] rtc_cmos rtc_cmos: rtc core: registered rtc_cmos as rtc0
[    4.521471] rtc_cmos rtc_cmos: alarms up to one day, 114 bytes nvram
[    4.522997] i2c /dev entries driver
[    4.523981] device-mapper: uevent: version 1.0.3
[    4.525167] device-mapper: ioctl: 4.35.0-ioctl (2016-06-23) initialised: dm-devel@redhat.com
[    4.527300] ledtrig-cpu: registered to indicate activity on CPUs
[    4.529056] NET: Registered protocol family 10
[    4.533752] Segment Routing with IPv6
[    4.536658] NET: Registered protocol family 17
[    4.537806] Key type dns_resolver registered
[    4.539168] registered taskstats version 1
[    4.540196] Loading compiled-in X.509 certificates
[    4.543826] Loaded X.509 cert 'Build time autogenerated kernel key: eae8fa5ee6c91603c031c81226b2df4b135df7d2'
[    4.547795] zswap: loaded using pool lzo/zbud
[    4.559787] Key type big_key registered
[    4.562332] Key type trusted registered
[    4.565265] Key type encrypted registered
[    4.567994] AppArmor: AppArmor sha1 policy hashing enabled
[    4.569295] ima: No TPM chip found, activating TPM-bypass! (rc=-19)
[    4.617319] evm: HMAC attrs: 0x1
[    4.619783]   Magic number: 9:823:820
[    4.620847] rtc_cmos rtc_cmos: setting system clock to 2017-07-20 05:49:56 UTC (1500529796)
[    4.623049] BIOS EDD facility v0.16 2004-Jun-25, 0 devices found
[    4.624405] EDD information not available.
[    4.644032] Freeing unused kernel memory: 2232K
[    4.651553] Write protecting the kernel read-only data: 14336k
[    4.653753] Freeing unused kernel memory: 1140K
[    4.655944] Freeing unused kernel memory: 280K
[    4.664757] x86/mm: Checked W+X mappings: passed, no W+X pages found.
Loading, please [    4.678465] random: systemd-udevd: uninitialized urandom read (16 bytes read)
wait...
starting version 232
[    4.683339] random: udevadm: uninitialized urandom read (16 bytes read)
[    4.683370] random: udevadm: uninitialized urandom read (16 bytes read)
[    4.683897] random: udevadm: uninitialized urandom read (16 bytes read)
[    4.683948] random: udevadm: uninitialized urandom read (16 bytes read)
[    4.683960] random: udevadm: uninitialized urandom read (16 bytes read)
[    4.684187] random: udevadm: uninitialized urandom read (16 bytes read)
[    4.684237] random: udevadm: uninitialized urandom read (16 bytes read)
[    4.684285] random: udevadm: uninitialized urandom read (16 bytes read)
[    4.684331] random: udevadm: uninitialized urandom read (16 bytes read)
[    4.740984] Fusion MPT base driver 3.04.20
[    4.748865] Copyright (c) 1999-2008 LSI Corporation
[    4.757599] e1000: Intel(R) PRO/1000 Network Driver - version 7.3.21-k8-NAPI
[    4.765663] e1000: Copyright (c) 1999-2006 Intel Corporation.
[    4.773942] Fusion MPT SPI Host driver 3.04.20
[    4.789747] AVX version of gcm_enc/dec engaged.
[    4.793943] AES CTR mode by8 optimization enabled
[    4.995742] input: ImExPS/2 Generic Explorer Mouse as /devices/platform/i8042/serio1/input/input4
[    5.211821] e1000 0000:00:03.0 eth0: (PCI:33MHz:32-bit) 02:0e:52:03:c0:1a
[    5.216226] e1000 0000:00:03.0 eth0: Intel(R) PRO/1000 Network Connection
[    5.227434] e1000 0000:00:03.0 enp0s3: renamed from eth0
[    5.239478] mptbase: ioc0: Initiating bringup
[    5.344792] ioc0: LSI53C1030 A0: Capabilities={Initiator}
[    5.354910] tsc: Refined TSC clocksource calibration: 1795.104 MHz
[    5.354935] clocksource: tsc: mask: 0xffffffffffffffff max_cycles: 0x19e0188aa98, max_idle_ns: 440795266099 ns
[    5.809023] scsi host2: ioc0: LSI53C1030 A0, FwRev=00000000h, Ports=1, MaxQ=256, IRQ=20
[    6.003835] scsi 2:0:0:0: Direct-Access     VBOX     HARDDISK         1.0  PQ: 0 ANSI: 5
[    6.135692] scsi target2:0:0: Beginning Domain Validation
[    6.140804] random: fast init done
[    6.230082] scsi target2:0:0: Domain Validation skipping write tests
[    6.231941] scsi target2:0:0: Ending Domain Validation
[    6.233188] scsi target2:0:0: asynchronous
[    6.255355] scsi 2:0:1:0: Direct-Access     VBOX     HARDDISK         1.0  PQ: 0 ANSI: 5
[    6.280685] scsi target2:0:1: Beginning Domain Validation
[    6.283384] scsi target2:0:1: Domain Validation skipping write tests
[    6.335745] scsi target2:0:1: Ending Domain Validation
[    6.380621] scsi target2:0:1: asynchronous
[    6.413744] sd 2:0:0:0: Attached scsi generic sg0 type 0
[    6.417533] sd 2:0:0:0: [sda] 20971520 512-byte logical blocks: (10.7 GB/10.0 GiB)
[    6.421606] sd 2:0:0:0: [sda] Write Protect is off
[    6.423279] sd 2:0:1:0: [sdb] 20480 512-byte logical blocks: (10.5 MB/10.0 MiB)
[    6.430172] sd 2:0:0:0: [sda] Incomplete mode parameter data
[    6.430192] sd 2:0:1:0: Attached scsi generic sg1 type 0
[    6.430360] sd 2:0:1:0: [sdb] Write Protect is off
[    6.430462] sd 2:0:1:0: [sdb] Incomplete mode parameter data
[    6.430463] sd 2:0:1:0: [sdb] Assuming drive cache: write through
[    6.453515] sd 2:0:1:0: [sdb] Attached SCSI disk
[    6.602969] sd 2:0:0:0: [sda] Assuming drive cache: write through
[    6.628588]  sda: sda1
[    6.631984] sd 2:0:0:0: [sda] Attached SCSI disk
[    8.010605] floppy0: no floppy controllers found
[    8.118423] work still pending
Begin: Loading essential drivers ... [    9.710281] raid6: sse2x1   gen()  6319 MB/s
[    9.814882] raid6: sse2x1   xor()  5466 MB/s
[    9.921952] raid6: sse2x2   gen()  8549 MB/s
[   10.042190] raid6: sse2x2   xor()  6029 MB/s
[   10.141979] raid6: sse2x4   gen()  9933 MB/s
[   10.241983] raid6: sse2x4   xor()  7436 MB/s
[   10.300522] raid6: using algorithm sse2x4 gen() 9933 MB/s
[   10.301810] raid6: .... xor() 7436 MB/s, rmw enabled
[   10.304672] raid6: using ssse3x2 recovery algorithm
[   10.307675] xor: automatically using best checksumming function   avx       
[   10.374718] async_tx: api initialized (async)
done.
Begin: Running /scripts/init-premount ... done.
Begin: Mounting root file[   10.422315] Btrfs loaded, crc32c=crc32c-intel
 system ... Begin: Running /scripts/local-top ... done.
Begin: Running /scripts/local-premount ... Scanning for Btrfs filesystems
done.
Warning: fsck no[   10.543685] EXT4-fs (sda1): mounted filesystem with ordered data mode. Opts: (null)
t present, so skipping root file system
done.
Begin: Running /scripts/local-bottom ... done.
Begin: Running /scripts/init-bottom ... /scripts/init-bottom/plymouth: line 18: /bin/plymouth: not found
done.
[   12.034688] ip_tables: (C) 2000-2006 Netfilter Core Team
[   12.268922] systemd[1]: systemd 232 running in system mode. (+PAM +AUDIT +SELINUX +IMA +APPARMOR +SMACK +SYSVINIT +UTMP +LIBCRYPTSETUP +GCRYPT +GNUTLS +ACL +XZ +LZ4 +SECCOMP +BLKID +ELFUTILS +KMOD +IDN)
[   12.344992] systemd[1]: Detected virtualization oracle.
[   12.346202] systemd[1]: Detected architecture x86-64.
[   12.380617] random: crng init done

Welcome to [1mUbuntu 17.04[0m!

[   12.501824] systemd[1]: Set hostname to <rails-dev-box>.
[   14.838220] systemd[1]: Set up automount Arbitrary Executable File Formats File System Automount Point.
[[0;32m  OK  [0m] Set up automount Arbitrary Executabâ€¦rmats File System Automount Point.
[   15.094974] systemd[1]: Listening on Syslog Socket.
[[0;32m  OK  [0m] Listening on Syslog Socket.
[   15.121076] systemd[1]: Listening on LVM2 poll daemon socket.
[[0;32m  OK  [0m] Listening on LVM2 poll daemon socket.
[   15.129573] systemd[1]: Started Forward Password Requests to Wall Directory Watch.
[[0;32m  OK  [0m] Started Forward Password Requests to Wall Directory Watch.
[   15.145660] systemd[1]: Listening on Journal Socket.
[[0;32m  OK  [0m] Listening on Journal Socket.
[   15.148836] systemd[1]: Listening on Journal Socket (/dev/log).
[[0;32m  OK  [0m] Listening on Journal Socket (/dev/log).
[[0;32m  OK  [0m] Listening on LVM2 metadata daemon socket.
[[0;32m  OK  [0m] Created slice User and Session Slice.
[[0;32m  OK  [0m] Listening on udev Control Socket.
[[0;32m  OK  [0m] Listening on Journal Audit Socket.
[[0;32m  OK  [0m] Reached target User and Group Name Lookups.
[[0;32m  OK  [0m] Listening on Device-mapper event daemon FIFOs.
[[0;32m  OK  [0m] Listening on /dev/initctl Compatibility Named Pipe.
[[0;32m  OK  [0m] Listening on udev Kernel Socket.
[[0;32m  OK  [0m] Created slice System Slice.
         Starting Journal Service...
         Starting Set the console keyboard layout...
         Starting Remount Root and Kernel File Systems...
         Starting Uncomplicated firewall...
         Starting Load Kernel Modules...
         Starting Create list of required stâ€¦ce nodes for the current kernel...
         Starting Nameserver information manager...
[[0;32m  OK  [0m] Reached target Slices.
[[0;32m  OK  [0m] Created slice system-postgresql.slice.
         Mounting Debug File System...
         Mounting Huge Pages File System...
         [   15.742930] EXT4-fs (sda1): re-mounted. Opts: (null)
Starting Monitoring of LVM2 mirrorsâ€¦ng dmeventd or progress polling...
[[0;32m  OK  [0m] Created slice system-serial\x2dgetty.slice.
         Mounting POSIX Message [   15.846990] Loading iSCSI transport class v2.0-870.
Queue File System...
[[0;32m  OK  [0m] Mounted Debug File System.
[[0;32m  OK  [0m] Mounted Huge Pages File System.
[[0;32m  OK  [0m] Mounted POSIX Message Queue File System.
[[0;32m  OK  [0m] Started Journal Service.
[[0;32m  OK  [0m] Started Remount Root and Kernel File Systems.
[[0;32m  OK  [0m] Started Uncomplicated firewall.
[   16.049876] iscsi: registered transport (tcp)
[[0;32m  OK  [0m] Started Create list of required staâ€¦vice nodes for the current kernel.
[[0;32m  OK  [0m] Started LVM2 metadata daemon.
         Starting Create Static Device Nodes in /dev...
         [   16.169464] iscsi: registered transport (iser)
Activating swap /swapfile...
         Starting udev Coldplug all Devices...
         Starting Initial cloud-init job (pre-networking)...
         Starting Load/Save Random Seed...
         Starting Flush Journal to Persistent Storage...
[[0;32m  OK  [0m] Started Load Kernel Modules.
[[0;32m  OK  [0m] Started Nameserver information manager.
[   16.621333] Adding 2097148k swap on /swapfile.  Priority:-1 extents:5 across:2310140k FS
[[0;32m  OK  [0m] Activated swap /swapfile.
[[0;32m  OK  [0m] Started Load/Save Random Seed.
[[0;32m  OK  [0m] Started udev Coldplug all Devices.
[[0;32m  OK  [0m] Reached target Swap.
         Mounting FUSE Control File System...
         Starting Apply Kernel Variables...
         Mounting Configuration File System...
[[0;32m  OK  [0m] Mounted Configuration File System.
[[0;32m  OK  [0m] Mounted FUSE Control File System.
[   17.323339] systemd-journald[414]: Received request to flush runtime journal from PID 1
[[0;32m  OK  [0m] Started Monitoring of LVM2 mirrors,â€¦sing dmeventd or progress polling.
[[0;32m  OK  [0m] Started Create Static Device Nodes in /dev.
         Starting udev Kernel Device Manager...
[[0;32m  OK  [0m] Started Flush Journal to Persistent Storage.
[[0;32m  OK  [0m] Started Apply Kernel Variables.
[[0;32m  OK  [0m] Started udev Kernel Device Manager.
[[0;32m  OK  [0m] Started Set the console keyboard layout.
[[0;32m  OK  [0m] Reached target Local File Systems (Pre).
[[0;32m  OK  [0m] Reached target Local File Systems.
         Starting AppArmor initialization...
         Starting ebtables ruleset management...
         Starting Set console font and keymap...
         Starting Tell Plymouth To Write Out Runtime Data...
         Starting Create Volatile Files and Directories...
[[0;32m  OK  [0m] Started Dispatch Password Requests to Console Directory Watch.
[[0;32m  OK  [0m] Reached target Encrypted Volumes.
[[0;32m  OK  [0m] Started Tell Plymouth To Write Out Runtime Data.
[[0;32m  OK  [0m] Started Set console font and keymap.
[[0;32m  OK  [0m] Started ebtables ruleset management.
[[0;32m  OK  [0m] Found device /dev/ttyS0.
[[0;32m  OK  [0m] Started Create Volatile Files and Directories.
[[0;32m  OK  [0m] Reached target System Time Synchronized.
         Starting Update UTMP about System Boot/Shutdown...
[[0;32m  OK  [0m] Started Update UTMP about System Boot/Shutdown.
[[0;32m  OK  [0m] Found device 82540EM Gigabit Ethernâ€¦ler (PRO/1000 MT Desktop Adapter).
[[0;32m  OK  [0m] Listening on Load/Save RF Kill Switch Status /dev/rfkill Watch.
[[0;32m  OK  [0m] Started AppArmor initialization.
[   24.648208] cloud-init[457]: Cloud-init v. 0.7.9 running 'init-local' at Thu, 20 Jul 2017 05:50:17 +0000. Up 23.98 seconds.
[[0;32m  OK  [0m] Started Initial cloud-init job (pre-networking).
[[0;32m  OK  [0m] Reached target Network (Pre).
[[0;32m  OK  [0m] Started ifup for enp0s3.
         Starting Raise network interfaces...
[[0;32m  OK  [0m] Started Raise network interfaces.
[[0;32m  OK  [0m] Reached target Network.
         Starting Initial cloud-init job (metadata service crawler)...
[   27.129468] cloud-init[1103]: Cloud-init v. 0.7.9 running 'init' at Thu, 20 Jul 2017 05:50:19 +0000. Up 26.37 seconds.
[[0;32m  OK  [0m[   27.204997] cloud-init[1103]: ci-info: +++++++++++++++++++++++++++++Net device info++++++++++++++++++++++++++++++
[   27.205482] cloud-init[1103]: ci-info: +---------+------+-----------+---------------+-------+-------------------+
[   27.205767] cloud-init[1103]: ci-info: |  Device |  Up  |  Address  |      Mask     | Scope |     Hw-Address    |
] Started Initial cloud-init job (metadata service crawler).
[   27.205959] cloud-init[1103]: ci-info: +---------+------+-----------+---------------+-------+-------------------+
[[   27.419966] cloud-init[1103]: ci-info: | enp0s3: | True | 10.0.2.15 | 255.255.255.0 |   .   | 02:0e:52:03:c0:1a |
[   27.420440] cloud-init[1103]: ci-info: | enp0s3: | True |     .     |       .       |   d   | 02:0e:52:03:c0:1a |
[0;32m  OK  [0m] Reached target Cloud-config availability.
[   27.420875] cloud-init[1103]: ci-info: |   lo:   | True | 127.0.0.1 |   255.0.0.0   |   .   |         .         |
[[0;32m  OK  [0m] Reached target System Initialization.
[   27.497945] cloud-init[1103]: ci-info: |   lo:   | True |     .     |       .       |   d   |         .         |
[   27.592445] cloud-init[1103]: ci-info: +---------+------+-----------+---------------+-------+-------------------+
[[   27.626062] cloud-init[1103]: ci-info: +++++++++++++++++++++++++++Route IPv4 info++++++++++++++++++++++++++++
[   27.626267] cloud-init[1103]: ci-info: +-------+-------------+----------+---------------+-----------+-------+
[   27.626525] cloud-init[1103]: ci-info: | Route | Destination | Gateway  |    Genmask    | Interface | Flags |
[   27.627281] cloud-init[1103]: ci-info: +-------+-------------+----------+---------------+-----------+-------+
[   27.627522] cloud-init[1103]: ci-info: |   0   |   0.0.0.0   | 10.0.2.2 |    0.0.0.0    |   enp0s3  |   UG  |
[   27.627990] cloud-init[1103]: ci-info: |   1   |   10.0.2.0  | 0.0.0.0  | 255.255.255.0 |   enp0s3  |   U   |
[   27.628482] cloud-init[1103]: ci-info: +-------+-------------+----------+---------------+-----------+-------+
[0;32m  OK  [0m] Started Timer to automatically refresh installed snaps.
[[0;32m  OK  [0m] Listening on UUID daemon activation socket.
[[0;32m  OK  [0m] Started Daily Cleanup of Temporary Directories.
[[0;32m  OK  [0m] Started Daily apt activities.
[[0;32m  OK  [0m] Started Message of the Day.
[[0;32m  OK  [0m] Reached target Timers.
[[0;32m  OK  [0m] Listening on ACPID Listen Socket.
[[0;32m  OK  [0m] Listening on D-Bus System Message Bus Socket.
         Starting Socket activation for snappy daemon.
         Starting LXD - unix socket.
[[0;32m  OK  [0m] Started ACPI Events Check.
[[0;32m  OK  [0m] Reached target Paths.
[[0;32m  OK  [0m] Listening on Socket activation for snappy daemon.
[[0;32m  OK  [0m] Listening on LXD - unix socket.
[[0;32m  OK  [0m] Reached target Sockets.
[[0;32m  OK  [0m] Reached target Basic System.
[[0;32m  OK  [0m] Started memcached daemon.
         Starting Network Name Resolution...
         Starting LXD - container startup/shutdown...
         Starting Advanced key-value store...
         Starting PostgreSQL Cluster 9.6-main...
[[0;32m  OK  [0m] Started FUSE filesystem for LXC.
         Starting System Logging Service...
         Starting Daily apt activities...
         Starting RabbitMQ Messaging Server...
[[0;32m  OK  [0m] Started Deferred execution scheduler.
         Starting MySQL Community Server...
[[0;32m  OK  [0m] Started Unattended Upgrades Shutdown.
[[0;32m  OK  [0m] Started D-Bus System Message Bus.
         Starting LSB: Record successful boot for GRUB...
[[0;32m  OK  [0m] Started ACPI event daemon.
[[0;32m  OK  [0m] Started Regular background program processing daemon.
         Starting Login Service...
         Starting Accounts Service...
[[0;32m  OK  [0m] Started Snappy daemon.
         Starting Auto import assertions from block devices...
[[0;32m  OK  [0m] Started System Logging Service.
[[0;32m  OK  [0m] Started Login Service.
[[0;32m  OK  [0m] Started Auto import assertions from block devices.
[[0;32m  OK  [0m] Started Network Name Resolution.
[[0;32m  OK  [0m] Reached target Network is Online.
         Starting Apply the settings specified in cloud-config...
         Starting OpenBSD Secure Shell server...
         Starting iSCSI initiator daemon (iscsid)...
[[0;32m  OK  [0m] Started LSB: Record successful boot for GRUB.
[   34.269667] cloud-init[1708]: Cloud-init v. 0.7.9 running 'modules:config' at Thu, 20 Jul 2017 05:50:27 +0000. Up 33.76 seconds.
[[0;32m  OK  [0m] Started Apply the settings specified in cloud-config.
[[0;32m  OK  [0m] Started iSCSI initiator daemon (iscsid).
         Starting Login to default iSCSI targets...
[[0;32m  OK  [0m] Started Advanced key-value store.
[[0;32m  OK  [0m] Started OpenBSD Secure Shell server.
[[0;32m  OK  [0m] Started Login to default iSCSI targets.
         Starting Authorization Manager...
[[0;32m  OK  [0m] Reached target Remote File Systems (Pre).
[[0;32m  OK  [0m] Reached target Remote File Systems.
         Starting LSB: automatic crash report generation...
         Starting LSB: Start/stop sysstat's sadc...
         Starting LSB: VirtualBox Linux Additions...
         Starting LSB: daemon to balance interrupts for SMP systems...
         Starting Permit User Sessions...
[[0;32m  OK  [0m] Started LSB: Start/stop sysstat's sadc.
[[0;32m  OK  [0m] Started Permit User Sessions.
         Starting Hold until boot process finishes up...
         Starting Terminate Plymouth Boot Screen...
[[0;32m  OK  [0m] Started Hold until boot process finishes up.
[[0;32m  OK  [0m] Started Serial Getty on ttyS0.
         Starting Set console scheme...
[[0;32m  OK  [0m] Started Terminate Plymouth Boot Screen.
[[0;32m  OK  [0m] Started LSB: daemon to balance interrupts for SMP systems.
[[0;32m  OK  [0m] Started Set console scheme.
[[0;32m  OK  [0m] Created slice system-getty.slice.
[[0;32m  OK  [0m] Started Getty on tty1.
[[0;32m  OK  [0m] Reached target Login Prompts.
[[0;32m  OK  [0m] Started Authorization Manager.
[[0;32m  OK  [0m] Started Accounts Service.
[[0;32m  OK  [0m] Started LSB: automatic crash report generation.
[[0;32m  OK  [0m] Started LSB: VirtualBox Linux Additions.

Ubuntu 17.04 rails-dev-box ttyS0

rails-dev-box login: [   60.857437] cloud-init[2646]: Cloud-init v. 0.7.9 running 'modules:final' at Thu, 20 Jul 2017 05:50:53 +0000. Up 60.69 seconds.
[   60.858167] cloud-init[2646]: Cloud-init v. 0.7.9 finished at Thu, 20 Jul 2017 05:50:54 +0000. Datasource DataSourceNoCloud [seed=/dev/sdb][dsmode=net].  Up 60.85 seconds
